// Jest Snapshot v1, https://goo.gl/fbAQLP

exports[`Search Snapshot 1`] = `
<form
  className="navbar-form navbar-left"
  data-test="SearchComponent"
  role="search"
>
  <div
    className="input-group mb-3"
  >
    <input
      className="form-control"
      onChange={[Function]}
      placeholder="Enter movie's name"
      type="text"
    />
    <div
      className="input-group-append"
    >
      <Button
        className="searchBtn"
      >
        Search
      </Button>
    </div>
  </div>
</form>
`;

exports[`Search component show Snapshot 1`] = `
<form
  className="navbar-form navbar-left"
  data-test="SearchComponent"
  role="search"
>
  <div
    className="input-group mb-3"
  >
    <input
      className="form-control"
      onChange={[Function]}
      placeholder="Enter movie's name"
      type="text"
    />
    <div
      className="input-group-append"
    >
      <Button
        className="searchBtn"
      >
        Search
      </Button>
    </div>
  </div>
</form>
`;

exports[`show Snapshot 1`] = `
<form
  className="navbar-form navbar-left"
  data-test="SearchComponent"
  role="search"
>
  <div
    className="input-group mb-3"
  >
    <input
      className="form-control"
      onChange={[Function]}
      placeholder="Enter movie's name"
      type="text"
    />
    <div
      className="input-group-append"
    >
      <Button
        className="searchBtn"
      >
        Search
      </Button>
    </div>
  </div>
</form>
`;
